// Jest Snapshot v1, https://goo.gl/fbAQLP

exports[`EuiModalHeader is rendered 1`] = `
<div
  aria-label="aria-label"
  class="euiModalHeader testClass1 testClass2 emotion-euiModalHeader-euiTestCss"
  data-test-subj="test subject string"
>
  children
  <button
    aria-label="Closes this modal window"
    class="euiButtonIcon euiModal__closeIcon emotion-euiButtonIcon-xs-empty-text-euiModal__closeIcon"
    type="button"
  >
    <span
      aria-hidden="true"
      class="euiButtonIcon__icon"
      color="inherit"
      data-euiicon-type="cross"
    />
  </button>
</div>
`;
